[debug] [2025-05-01T16:58:48.759Z] ----------------------------------------------------------------------
[debug] [2025-05-01T16:58:48.763Z] Command:       /nix/store/ixbb20farqh1f4fqbmsn6b1ixn8mc8ij-nodejs-20.18.1/bin/node /home/user/.global_modules/bin/firebase init
[debug] [2025-05-01T16:58:48.763Z] CLI Version:   14.2.2
[debug] [2025-05-01T16:58:48.764Z] Platform:      linux
[debug] [2025-05-01T16:58:48.764Z] Node Version:  v20.18.1
[debug] [2025-05-01T16:58:48.764Z] Time:          Thu May 01 2025 16:58:48 GMT+0000 (Coordinated Universal Time)
[debug] [2025-05-01T16:58:48.764Z] ----------------------------------------------------------------------
[debug] 
[debug] [2025-05-01T16:58:48.770Z] > command requires scopes: ["email","openid","https://www.googleapis.com/auth/cloudplatformprojects.readonly","https://www.googleapis.com/auth/firebase","https://www.googleapis.com/auth/cloud-platform"]
[debug] [2025-05-01T16:58:48.770Z] > authorizing via signed-in user (samuel.moreno_man@uao.edu.co)
[info] 
     ######## #### ########  ######## ########     ###     ######  ########
     ##        ##  ##     ## ##       ##     ##  ##   ##  ##       ##
     ######    ##  ########  ######   ########  #########  ######  ######
     ##        ##  ##    ##  ##       ##     ## ##     ##       ## ##
     ##       #### ##     ## ######## ########  ##     ##  ######  ########

You're about to initialize a Firebase project in this directory:

  /home/user/negocIA

[info] 
=== Project Setup
[info] 
[info] First, let's associate this project directory with a Firebase project.
[info] You can create multiple project aliases by running firebase use --add, 
[info] but for now we'll just set up a default project.
[info] 
[debug] [2025-05-01T16:58:56.945Z] No OAuth tokens found
[debug] [2025-05-01T16:58:56.946Z] No OAuth tokens found
[debug] [2025-05-01T16:58:56.946Z] > command requires scopes: ["email","openid","https://www.googleapis.com/auth/cloudplatformprojects.readonly","https://www.googleapis.com/auth/firebase","https://www.googleapis.com/auth/cloud-platform"]
[debug] [2025-05-01T16:58:56.947Z] > authorizing via signed-in user (samuel.moreno_man@uao.edu.co)
[debug] [2025-05-01T16:58:56.950Z] >>> [apiv2][query] GET https://firebase.googleapis.com/v1beta1/projects pageSize=100
[debug] [2025-05-01T16:58:57.375Z] <<< [apiv2][status] GET https://firebase.googleapis.com/v1beta1/projects 200
[debug] [2025-05-01T16:58:57.375Z] <<< [apiv2][body] GET https://firebase.googleapis.com/v1beta1/projects [omitted]
[info] i  Using project negocia-89fa3 (NegocIA) 
[info] 
=== Firestore Setup
[debug] [2025-05-01T16:58:58.764Z] No OAuth tokens found
[debug] [2025-05-01T16:58:58.764Z] No OAuth tokens found
[debug] [2025-05-01T16:58:58.764Z] > command requires scopes: ["email","openid","https://www.googleapis.com/auth/cloudplatformprojects.readonly","https://www.googleapis.com/auth/firebase","https://www.googleapis.com/auth/cloud-platform"]
[debug] [2025-05-01T16:58:58.764Z] > authorizing via signed-in user (samuel.moreno_man@uao.edu.co)
[debug] [2025-05-01T16:58:58.764Z] >>> [apiv2][query] GET https://serviceusage.googleapis.com/v1/projects/negocia-89fa3/services/firestore.googleapis.com [none]
[debug] [2025-05-01T16:58:58.764Z] >>> [apiv2][(partial)header] GET https://serviceusage.googleapis.com/v1/projects/negocia-89fa3/services/firestore.googleapis.com x-goog-quota-user=projects/negocia-89fa3
[debug] [2025-05-01T16:58:59.068Z] <<< [apiv2][status] GET https://serviceusage.googleapis.com/v1/projects/negocia-89fa3/services/firestore.googleapis.com 200
[debug] [2025-05-01T16:58:59.069Z] <<< [apiv2][body] GET https://serviceusage.googleapis.com/v1/projects/negocia-89fa3/services/firestore.googleapis.com [omitted]
[debug] [2025-05-01T16:58:59.070Z] No OAuth tokens found
[debug] [2025-05-01T16:58:59.070Z] No OAuth tokens found
[debug] [2025-05-01T16:58:59.070Z] > command requires scopes: ["email","openid","https://www.googleapis.com/auth/cloudplatformprojects.readonly","https://www.googleapis.com/auth/firebase","https://www.googleapis.com/auth/cloud-platform"]
[debug] [2025-05-01T16:58:59.070Z] > authorizing via signed-in user (samuel.moreno_man@uao.edu.co)
[debug] [2025-05-01T16:58:59.070Z] >>> [apiv2][query] GET https://firestore.googleapis.com/v1/projects/negocia-89fa3/databases/(default) [none]
[debug] [2025-05-01T16:58:59.307Z] <<< [apiv2][status] GET https://firestore.googleapis.com/v1/projects/negocia-89fa3/databases/(default) 200
[debug] [2025-05-01T16:58:59.307Z] <<< [apiv2][body] GET https://firestore.googleapis.com/v1/projects/negocia-89fa3/databases/(default) {"name":"projects/negocia-89fa3/databases/(default)","uid":"7d3a746c-7df1-4d41-aef3-1dcf9e091451","createTime":"2025-05-01T16:21:28.394142Z","updateTime":"2025-05-01T16:21:28.394142Z","locationId":"nam5","type":"FIRESTORE_NATIVE","concurrencyMode":"PESSIMISTIC","versionRetentionPeriod":"3600s","earliestVersionTime":"2025-05-01T16:21:28.394142Z","appEngineIntegrationMode":"DISABLED","keyPrefix":"s","pointInTimeRecoveryEnablement":"POINT_IN_TIME_RECOVERY_DISABLED","deleteProtectionState":"DELETE_PROTECTION_DISABLED","databaseEdition":"STANDARD","freeTier":true,"etag":"IKjUw5nfgo0DMO2cvvnWgo0D"}
[debug] [2025-05-01T16:58:59.307Z] database_type: FIRESTORE_NATIVE
[debug] [2025-05-01T16:58:59.307Z] database_type: FIRESTORE_NATIVE
[debug] [2025-05-01T16:58:59.308Z] > command requires scopes: ["email","openid","https://www.googleapis.com/auth/cloudplatformprojects.readonly","https://www.googleapis.com/auth/firebase","https://www.googleapis.com/auth/cloud-platform"]
[debug] [2025-05-01T16:58:59.308Z] > authorizing via signed-in user (samuel.moreno_man@uao.edu.co)
[debug] [2025-05-01T16:58:59.308Z] [iam] checking project negocia-89fa3 for permissions ["firebase.projects.get"]
[debug] [2025-05-01T16:58:59.309Z] No OAuth tokens found
[debug] [2025-05-01T16:58:59.309Z] No OAuth tokens found
[debug] [2025-05-01T16:58:59.309Z] > command requires scopes: ["email","openid","https://www.googleapis.com/auth/cloudplatformprojects.readonly","https://www.googleapis.com/auth/firebase","https://www.googleapis.com/auth/cloud-platform"]
[debug] [2025-05-01T16:58:59.309Z] > authorizing via signed-in user (samuel.moreno_man@uao.edu.co)
[debug] [2025-05-01T16:58:59.310Z] >>> [apiv2][query] POST https://cloudresourcemanager.googleapis.com/v1/projects/negocia-89fa3:testIamPermissions [none]
[debug] [2025-05-01T16:58:59.310Z] >>> [apiv2][(partial)header] POST https://cloudresourcemanager.googleapis.com/v1/projects/negocia-89fa3:testIamPermissions x-goog-quota-user=projects/negocia-89fa3
[debug] [2025-05-01T16:58:59.310Z] >>> [apiv2][body] POST https://cloudresourcemanager.googleapis.com/v1/projects/negocia-89fa3:testIamPermissions {"permissions":["firebase.projects.get"]}
[debug] [2025-05-01T16:58:59.402Z] <<< [apiv2][status] POST https://cloudresourcemanager.googleapis.com/v1/projects/negocia-89fa3:testIamPermissions 200
[debug] [2025-05-01T16:58:59.402Z] <<< [apiv2][body] POST https://cloudresourcemanager.googleapis.com/v1/projects/negocia-89fa3:testIamPermissions {"permissions":["firebase.projects.get"]}
[info] 
[info] Firestore Security Rules allow you to define how and when to allow
[info] requests. You can keep these rules in your project directory
[info] and publish them with firebase deploy.
[info] 
[debug] [2025-05-01T16:59:00.721Z] No OAuth tokens found
[debug] [2025-05-01T16:59:00.722Z] No OAuth tokens found
[debug] [2025-05-01T16:59:00.722Z] > command requires scopes: ["email","openid","https://www.googleapis.com/auth/cloudplatformprojects.readonly","https://www.googleapis.com/auth/firebase","https://www.googleapis.com/auth/cloud-platform"]
[debug] [2025-05-01T16:59:00.722Z] > authorizing via signed-in user (samuel.moreno_man@uao.edu.co)
[debug] [2025-05-01T16:59:00.722Z] >>> [apiv2][query] GET https://firebaserules.googleapis.com/v1/projects/negocia-89fa3/releases pageSize=10&pageToken=
[debug] [2025-05-01T16:59:00.893Z] <<< [apiv2][status] GET https://firebaserules.googleapis.com/v1/projects/negocia-89fa3/releases 200
[debug] [2025-05-01T16:59:00.893Z] <<< [apiv2][body] GET https://firebaserules.googleapis.com/v1/projects/negocia-89fa3/releases {"releases":[{"name":"projects/negocia-89fa3/releases/cloud.firestore","rulesetName":"projects/negocia-89fa3/rulesets/817f4414-ab41-48c4-a06e-e543c4ceaceb","createTime":"2025-05-01T16:21:33.427283Z","updateTime":"2025-05-01T16:21:33.427283Z"}]}
[debug] [2025-05-01T16:59:00.894Z] Found ruleset: projects/negocia-89fa3/rulesets/817f4414-ab41-48c4-a06e-e543c4ceaceb
[debug] [2025-05-01T16:59:00.895Z] No OAuth tokens found
[debug] [2025-05-01T16:59:00.895Z] No OAuth tokens found
[debug] [2025-05-01T16:59:00.895Z] > command requires scopes: ["email","openid","https://www.googleapis.com/auth/cloudplatformprojects.readonly","https://www.googleapis.com/auth/firebase","https://www.googleapis.com/auth/cloud-platform"]
[debug] [2025-05-01T16:59:00.895Z] > authorizing via signed-in user (samuel.moreno_man@uao.edu.co)
[debug] [2025-05-01T16:59:00.896Z] >>> [apiv2][query] GET https://firebaserules.googleapis.com/v1/projects/negocia-89fa3/rulesets/817f4414-ab41-48c4-a06e-e543c4ceaceb [none]
[debug] [2025-05-01T16:59:01.060Z] <<< [apiv2][status] GET https://firebaserules.googleapis.com/v1/projects/negocia-89fa3/rulesets/817f4414-ab41-48c4-a06e-e543c4ceaceb 200
[debug] [2025-05-01T16:59:01.060Z] <<< [apiv2][body] GET https://firebaserules.googleapis.com/v1/projects/negocia-89fa3/rulesets/817f4414-ab41-48c4-a06e-e543c4ceaceb [omitted]
[info] 
[info] Firestore indexes allow you to perform complex queries while
[info] maintaining performance that scales with the size of the result
[info] set. You can keep index definitions in your project directory
[info] and publish them with firebase deploy.
[info] 
[debug] [2025-05-01T16:59:01.758Z] No OAuth tokens found
[debug] [2025-05-01T16:59:01.761Z] No OAuth tokens found
[debug] [2025-05-01T16:59:01.761Z] > command requires scopes: ["email","openid","https://www.googleapis.com/auth/cloudplatformprojects.readonly","https://www.googleapis.com/auth/firebase","https://www.googleapis.com/auth/cloud-platform"]
[debug] [2025-05-01T16:59:01.761Z] > authorizing via signed-in user (samuel.moreno_man@uao.edu.co)
[debug] [2025-05-01T16:59:01.762Z] No OAuth tokens found
[debug] [2025-05-01T16:59:01.762Z] No OAuth tokens found
[debug] [2025-05-01T16:59:01.762Z] > command requires scopes: ["email","openid","https://www.googleapis.com/auth/cloudplatformprojects.readonly","https://www.googleapis.com/auth/firebase","https://www.googleapis.com/auth/cloud-platform"]
[debug] [2025-05-01T16:59:01.763Z] > authorizing via signed-in user (samuel.moreno_man@uao.edu.co)
[debug] [2025-05-01T16:59:01.763Z] >>> [apiv2][query] GET https://firestore.googleapis.com/v1/projects/negocia-89fa3/databases/(default)/collectionGroups/-/indexes [none]
[debug] [2025-05-01T16:59:01.765Z] >>> [apiv2][query] GET https://firestore.googleapis.com/v1/projects/negocia-89fa3/databases/(default)/collectionGroups/-/fields?filter=indexConfig.usesAncestorConfig=false OR ttlConfig:* [none]
[debug] [2025-05-01T16:59:01.858Z] <<< [apiv2][status] GET https://firestore.googleapis.com/v1/projects/negocia-89fa3/databases/(default)/collectionGroups/-/indexes 200
[debug] [2025-05-01T16:59:01.859Z] <<< [apiv2][body] GET https://firestore.googleapis.com/v1/projects/negocia-89fa3/databases/(default)/collectionGroups/-/indexes {}
[debug] [2025-05-01T16:59:02.057Z] <<< [apiv2][status] GET https://firestore.googleapis.com/v1/projects/negocia-89fa3/databases/(default)/collectionGroups/-/fields?filter=indexConfig.usesAncestorConfig=false OR ttlConfig:* 200
[debug] [2025-05-01T16:59:02.057Z] <<< [apiv2][body] GET https://firestore.googleapis.com/v1/projects/negocia-89fa3/databases/(default)/collectionGroups/-/fields?filter=indexConfig.usesAncestorConfig=false OR ttlConfig:* {"fields":[{"name":"projects/negocia-89fa3/databases/(default)/collectionGroups/__default__/fields/*","indexConfig":{"indexes":[{"queryScope":"COLLECTION","fields":[{"fieldPath":"*","order":"ASCENDING"}],"state":"READY"},{"queryScope":"COLLECTION","fields":[{"fieldPath":"*","order":"DESCENDING"}],"state":"READY"},{"queryScope":"COLLECTION","fields":[{"fieldPath":"*","arrayConfig":"CONTAINS"}],"state":"READY"}]}}]}
[info] 
=== Functions Setup
[debug] [2025-05-01T16:59:02.059Z] > command requires scopes: ["email","openid","https://www.googleapis.com/auth/cloudplatformprojects.readonly","https://www.googleapis.com/auth/firebase","https://www.googleapis.com/auth/cloud-platform"]
[debug] [2025-05-01T16:59:02.059Z] > authorizing via signed-in user (samuel.moreno_man@uao.edu.co)
[debug] [2025-05-01T16:59:02.059Z] [iam] checking project negocia-89fa3 for permissions ["firebase.projects.get"]
[debug] [2025-05-01T16:59:02.060Z] No OAuth tokens found
[debug] [2025-05-01T16:59:02.060Z] No OAuth tokens found
[debug] [2025-05-01T16:59:02.060Z] > command requires scopes: ["email","openid","https://www.googleapis.com/auth/cloudplatformprojects.readonly","https://www.googleapis.com/auth/firebase","https://www.googleapis.com/auth/cloud-platform"]
[debug] [2025-05-01T16:59:02.060Z] > authorizing via signed-in user (samuel.moreno_man@uao.edu.co)
[debug] [2025-05-01T16:59:02.060Z] >>> [apiv2][query] POST https://cloudresourcemanager.googleapis.com/v1/projects/negocia-89fa3:testIamPermissions [none]
[debug] [2025-05-01T16:59:02.060Z] >>> [apiv2][(partial)header] POST https://cloudresourcemanager.googleapis.com/v1/projects/negocia-89fa3:testIamPermissions x-goog-quota-user=projects/negocia-89fa3
[debug] [2025-05-01T16:59:02.060Z] >>> [apiv2][body] POST https://cloudresourcemanager.googleapis.com/v1/projects/negocia-89fa3:testIamPermissions {"permissions":["firebase.projects.get"]}
[debug] [2025-05-01T16:59:02.114Z] <<< [apiv2][status] POST https://cloudresourcemanager.googleapis.com/v1/projects/negocia-89fa3:testIamPermissions 200
[debug] [2025-05-01T16:59:02.114Z] <<< [apiv2][body] POST https://cloudresourcemanager.googleapis.com/v1/projects/negocia-89fa3:testIamPermissions {"permissions":["firebase.projects.get"]}
[debug] [2025-05-01T16:59:02.115Z] No OAuth tokens found
[debug] [2025-05-01T16:59:02.115Z] No OAuth tokens found
[debug] [2025-05-01T16:59:02.116Z] > command requires scopes: ["email","openid","https://www.googleapis.com/auth/cloudplatformprojects.readonly","https://www.googleapis.com/auth/firebase","https://www.googleapis.com/auth/cloud-platform"]
[debug] [2025-05-01T16:59:02.116Z] > authorizing via signed-in user (samuel.moreno_man@uao.edu.co)
[debug] [2025-05-01T16:59:02.116Z] No OAuth tokens found
[debug] [2025-05-01T16:59:02.116Z] No OAuth tokens found
[debug] [2025-05-01T16:59:02.116Z] > command requires scopes: ["email","openid","https://www.googleapis.com/auth/cloudplatformprojects.readonly","https://www.googleapis.com/auth/firebase","https://www.googleapis.com/auth/cloud-platform"]
[debug] [2025-05-01T16:59:02.116Z] > authorizing via signed-in user (samuel.moreno_man@uao.edu.co)
[debug] [2025-05-01T16:59:02.116Z] >>> [apiv2][query] GET https://serviceusage.googleapis.com/v1/projects/negocia-89fa3/services/cloudfunctions.googleapis.com [none]
[debug] [2025-05-01T16:59:02.116Z] >>> [apiv2][(partial)header] GET https://serviceusage.googleapis.com/v1/projects/negocia-89fa3/services/cloudfunctions.googleapis.com x-goog-quota-user=projects/negocia-89fa3
[debug] [2025-05-01T16:59:02.117Z] >>> [apiv2][query] GET https://serviceusage.googleapis.com/v1/projects/negocia-89fa3/services/runtimeconfig.googleapis.com [none]
[debug] [2025-05-01T16:59:02.117Z] >>> [apiv2][(partial)header] GET https://serviceusage.googleapis.com/v1/projects/negocia-89fa3/services/runtimeconfig.googleapis.com x-goog-quota-user=projects/negocia-89fa3
[debug] [2025-05-01T16:59:02.383Z] <<< [apiv2][status] GET https://serviceusage.googleapis.com/v1/projects/negocia-89fa3/services/cloudfunctions.googleapis.com 200
[debug] [2025-05-01T16:59:02.383Z] <<< [apiv2][body] GET https://serviceusage.googleapis.com/v1/projects/negocia-89fa3/services/cloudfunctions.googleapis.com [omitted]
[debug] [2025-05-01T16:59:02.406Z] <<< [apiv2][status] GET https://serviceusage.googleapis.com/v1/projects/negocia-89fa3/services/runtimeconfig.googleapis.com 200
[debug] [2025-05-01T16:59:02.406Z] <<< [apiv2][body] GET https://serviceusage.googleapis.com/v1/projects/negocia-89fa3/services/runtimeconfig.googleapis.com [omitted]
[info] Let's create a new codebase for your functions.
[info] A directory corresponding to the codebase will be created in your project
[info] with sample code pre-configured.

[info] See https://firebase.google.com/docs/functions/organize-functions for
[info] more information on organizing your functions using codebases.

[info] Functions can be deployed with firebase deploy.

[info] ✔  Wrote functions/package.json 
[info] ✔  Wrote functions/index.js 
[info] ✔  Wrote functions/.gitignore 
[info] 
=== Hosting Setup
[debug] [2025-05-01T16:59:41.440Z] No OAuth tokens found
[debug] [2025-05-01T16:59:41.441Z] No OAuth tokens found
[debug] [2025-05-01T16:59:41.441Z] > command requires scopes: ["email","openid","https://www.googleapis.com/auth/cloudplatformprojects.readonly","https://www.googleapis.com/auth/firebase","https://www.googleapis.com/auth/cloud-platform"]
[debug] [2025-05-01T16:59:41.441Z] > authorizing via signed-in user (samuel.moreno_man@uao.edu.co)
[debug] [2025-05-01T16:59:41.442Z] >>> [apiv2][query] GET https://firebase.googleapis.com/v1beta1/projects/negocia-89fa3 [none]
[debug] [2025-05-01T16:59:41.690Z] <<< [apiv2][status] GET https://firebase.googleapis.com/v1beta1/projects/negocia-89fa3 200
[debug] [2025-05-01T16:59:41.690Z] <<< [apiv2][body] GET https://firebase.googleapis.com/v1beta1/projects/negocia-89fa3 {"projectId":"negocia-89fa3","projectNumber":"812268648145","displayName":"NegocIA","name":"projects/negocia-89fa3","resources":{"hostingSite":"negocia-89fa3"},"state":"ACTIVE","etag":"1_80911318-c953-4749-9730-7ffc48ad673a"}
[info] 
[info] Your public directory is the folder (relative to your project directory) that
[info] will contain Hosting assets to be uploaded with firebase deploy. If you
[info] have a build process for your assets, use your build's output directory.
[info] 
[debug] [2025-05-01T16:59:52.336Z] >>> [apiv2][query] GET https://www.gstatic.com/firebasejs/releases.json [none]
[debug] [2025-05-01T16:59:52.378Z] <<< [apiv2][status] GET https://www.gstatic.com/firebasejs/releases.json 200
[debug] [2025-05-01T16:59:52.378Z] <<< [apiv2][body] GET https://www.gstatic.com/firebasejs/releases.json {"current":{"version":"11.6.1","browserURL":"https://www.gstatic.com/firebasejs/11.6.1/firebase.js","packageURL":"https://www.gstatic.com/firebasejs/11.6.1/firebase.tgz"},"live":{"version":"11.6","browserURL":"https://www.gstatic.com/firebasejs/live/11.6/firebase.js","packageURL":"https://www.gstatic.com/firebasejs/live/11.6/firebase.tgz"},"components":{"analytics":"https://www.gstatic.com/firebasejs/11.6.1/firebase-analytics.js","app":"https://www.gstatic.com/firebasejs/11.6.1/firebase-app.js","app-check":"https://www.gstatic.com/firebasejs/11.6.1/firebase-app-check.js","auth":"https://www.gstatic.com/firebasejs/11.6.1/firebase-auth.js","auth/cordova":"https://www.gstatic.com/firebasejs/11.6.1/firebase-auth/cordova.js","auth/web-extension":"https://www.gstatic.com/firebasejs/11.6.1/firebase-auth/web-extension.js","functions":"https://www.gstatic.com/firebasejs/11.6.1/firebase-functions.js","firestore":"https://www.gstatic.com/firebasejs/11.6.1/firebase-firestore.js","firestore/lite":"https://www.gstatic.com/firebasejs/11.6.1/firebase-firestore/lite.js","installations":"https://www.gstatic.com/firebasejs/11.6.1/firebase-installations.js","storage":"https://www.gstatic.com/firebasejs/11.6.1/firebase-storage.js","performance":"https://www.gstatic.com/firebasejs/11.6.1/firebase-performance.js","remote-config":"https://www.gstatic.com/firebasejs/11.6.1/firebase-remote-config.js","messaging":"https://www.gstatic.com/firebasejs/11.6.1/firebase-messaging.js","messaging/sw":"https://www.gstatic.com/firebasejs/11.6.1/firebase-messaging/sw.js","database":"https://www.gstatic.com/firebasejs/11.6.1/firebase-database.js","vertexai":"https://www.gstatic.com/firebasejs/11.6.1/firebase-vertexai.js","data-connect":"https://www.gstatic.com/firebasejs/11.6.1/firebase-data-connect.js","firestore.memory":"https://www.gstatic.com/firebasejs/11.6.1/firebase-firestore.memory.js"}}
[info] ✔  Wrote public/index.html 
[info] 
[info] i  Detected a .git folder at /home/user/negocIA 
[info] i  Authorizing with GitHub to upload your service account to a GitHub repository's secrets store. 
[info] 
[info] Visit this URL on this device to log in:
[info] https://github.com/login/oauth/authorize?client_id=89cf50f02ac6aaed3484&state=778766227&redirect_uri=http%3A%2F%2Flocalhost%3A9005&scope=read%3Auser%20repo%20public_repo
[info] 
[info] Waiting for authentication...
